[2021-07-28T00:23:04.578+0000][0.006s] Heap region size: 32M
[2021-07-28T00:23:04.594+0000][0.023s] Using G1
[2021-07-28T00:23:04.595+0000][0.023s] Heap address: 0x00000000c0000000, size: 1024 MB, Compressed Oops mode: 32-bit
[2021-07-28T00:23:05.314+0000][0.742s] GC(0) Pause Young (Normal) (G1 Evacuation Pause)
[2021-07-28T00:23:05.314+0000][0.743s] GC(0) Using 10 workers of 10 for evacuation
[2021-07-28T00:23:05.317+0000][0.746s] GC(0)   Pre Evacuate Collection Set: 0.0ms
[2021-07-28T00:23:05.317+0000][0.746s] GC(0)   Evacuate Collection Set: 2.5ms
[2021-07-28T00:23:05.317+0000][0.746s] GC(0)   Post Evacuate Collection Set: 0.4ms
[2021-07-28T00:23:05.317+0000][0.746s] GC(0)   Other: 0.6ms
[2021-07-28T00:23:05.317+0000][0.746s] GC(0) Eden regions: 1->0(1)
[2021-07-28T00:23:05.317+0000][0.746s] GC(0) Survivor regions: 0->1(1)
[2021-07-28T00:23:05.317+0000][0.746s] GC(0) Old regions: 0->0
[2021-07-28T00:23:05.317+0000][0.746s] GC(0) Humongous regions: 0->0
[2021-07-28T00:23:05.317+0000][0.746s] GC(0) Metaspace: 14979K->14979K(1062912K)
[2021-07-28T00:23:05.317+0000][0.746s] GC(0) Pause Young (Normal) (G1 Evacuation Pause) 32M->4M(1024M) 3.541ms
[2021-07-28T00:23:05.317+0000][0.746s] GC(0) User=0.03s Sys=0.00s Real=0.01s
[2021-07-28T00:23:05.572+0000][1.000s] GC(1) Pause Young (Concurrent Start) (Metadata GC Threshold)
[2021-07-28T00:23:05.572+0000][1.001s] GC(1) Using 10 workers of 10 for evacuation
[2021-07-28T00:23:05.593+0000][1.021s] GC(1)   Pre Evacuate Collection Set: 0.0ms
[2021-07-28T00:23:05.593+0000][1.021s] GC(1)   Evacuate Collection Set: 19.9ms
[2021-07-28T00:23:05.593+0000][1.021s] GC(1)   Post Evacuate Collection Set: 0.4ms
[2021-07-28T00:23:05.593+0000][1.021s] GC(1)   Other: 0.2ms
[2021-07-28T00:23:05.593+0000][1.021s] GC(1) Eden regions: 1->0(2)
[2021-07-28T00:23:05.593+0000][1.021s] GC(1) Survivor regions: 1->1(1)
[2021-07-28T00:23:05.593+0000][1.021s] GC(1) Old regions: 0->0
[2021-07-28T00:23:05.593+0000][1.021s] GC(1) Humongous regions: 0->0
[2021-07-28T00:23:05.593+0000][1.021s] GC(1) Metaspace: 20606K->20606K(1069056K)
[2021-07-28T00:23:05.593+0000][1.021s] GC(1) Pause Young (Concurrent Start) (Metadata GC Threshold) 28M->14M(1024M) 20.538ms
[2021-07-28T00:23:05.593+0000][1.021s] GC(1) User=0.04s Sys=0.00s Real=0.02s
[2021-07-28T00:23:05.593+0000][1.021s] GC(2) Concurrent Cycle
[2021-07-28T00:23:05.593+0000][1.021s] GC(2) Concurrent Clear Claimed Marks
[2021-07-28T00:23:05.593+0000][1.021s] GC(2) Concurrent Clear Claimed Marks 0.011ms
[2021-07-28T00:23:05.593+0000][1.021s] GC(2) Concurrent Scan Root Regions
[2021-07-28T00:23:05.602+0000][1.030s] GC(2) Concurrent Scan Root Regions 8.896ms
[2021-07-28T00:23:05.602+0000][1.030s] GC(2) Concurrent Mark (1.030s)
[2021-07-28T00:23:05.602+0000][1.030s] GC(2) Concurrent Mark From Roots
[2021-07-28T00:23:05.602+0000][1.030s] GC(2) Using 3 workers of 3 for marking
[2021-07-28T00:23:05.602+0000][1.030s] GC(2) Concurrent Mark From Roots 0.373ms
[2021-07-28T00:23:05.602+0000][1.030s] GC(2) Concurrent Preclean
[2021-07-28T00:23:05.602+0000][1.031s] GC(2) Concurrent Preclean 0.095ms
[2021-07-28T00:23:05.602+0000][1.031s] GC(2) Concurrent Mark (1.030s, 1.031s) 0.489ms
[2021-07-28T00:23:05.602+0000][1.031s] GC(2) Pause Remark
[2021-07-28T00:23:05.604+0000][1.032s] GC(2) Cleaned string and symbol table, strings: 10895 processed, 0 removed, symbols: 64458 processed, 18 removed
[2021-07-28T00:23:05.604+0000][1.033s] GC(2) Pause Remark 20M->20M(1024M) 1.916ms
[2021-07-28T00:23:05.604+0000][1.033s] GC(2) User=0.01s Sys=0.00s Real=0.00s
[2021-07-28T00:23:05.604+0000][1.033s] GC(2) Concurrent Rebuild Remembered Sets
[2021-07-28T00:23:05.604+0000][1.033s] GC(2) Concurrent Rebuild Remembered Sets 0.029ms
[2021-07-28T00:23:05.604+0000][1.033s] GC(2) Pause Cleanup
[2021-07-28T00:23:05.604+0000][1.033s] GC(2) Pause Cleanup 20M->20M(1024M) 0.034ms
[2021-07-28T00:23:05.604+0000][1.033s] GC(2) User=0.00s Sys=0.00s Real=0.00s
[2021-07-28T00:23:05.604+0000][1.033s] GC(2) Concurrent Cleanup for Next Mark
[2021-07-28T00:23:05.607+0000][1.035s] GC(2) Concurrent Cleanup for Next Mark 2.139ms
[2021-07-28T00:23:05.607+0000][1.035s] GC(2) Concurrent Cycle 13.923ms
[2021-07-28T00:23:06.085+0000][1.513s] GC(3) Pause Young (Normal) (G1 Evacuation Pause)
[2021-07-28T00:23:06.085+0000][1.513s] GC(3) Using 10 workers of 10 for evacuation
[2021-07-28T00:23:06.091+0000][1.520s] GC(3)   Pre Evacuate Collection Set: 0.0ms
[2021-07-28T00:23:06.091+0000][1.520s] GC(3)   Evacuate Collection Set: 5.9ms
[2021-07-28T00:23:06.091+0000][1.520s] GC(3)   Post Evacuate Collection Set: 0.6ms
[2021-07-28T00:23:06.091+0000][1.520s] GC(3)   Other: 0.1ms
[2021-07-28T00:23:06.091+0000][1.520s] GC(3) Eden regions: 2->0(2)
[2021-07-28T00:23:06.091+0000][1.520s] GC(3) Survivor regions: 1->1(1)
[2021-07-28T00:23:06.091+0000][1.520s] GC(3) Old regions: 0->0
[2021-07-28T00:23:06.091+0000][1.520s] GC(3) Humongous regions: 0->0
[2021-07-28T00:23:06.091+0000][1.520s] GC(3) Metaspace: 26319K->26319K(1073152K)
[2021-07-28T00:23:06.091+0000][1.520s] GC(3) Pause Young (Normal) (G1 Evacuation Pause) 78M->21M(1024M) 6.772ms
[2021-07-28T00:23:06.091+0000][1.520s] GC(3) User=0.06s Sys=0.01s Real=0.01s
[2021-07-28T00:23:06.480+0000][1.909s] GC(4) Pause Young (Concurrent Start) (Metadata GC Threshold)
[2021-07-28T00:23:06.480+0000][1.909s] GC(4) Using 10 workers of 10 for evacuation
[2021-07-28T00:23:06.491+0000][1.920s] GC(4)   Pre Evacuate Collection Set: 0.0ms
[2021-07-28T00:23:06.491+0000][1.920s] GC(4)   Evacuate Collection Set: 10.5ms
[2021-07-28T00:23:06.491+0000][1.920s] GC(4)   Post Evacuate Collection Set: 0.5ms
[2021-07-28T00:23:06.492+0000][1.920s] GC(4)   Other: 0.1ms
[2021-07-28T00:23:06.492+0000][1.920s] GC(4) Eden regions: 2->0(2)
[2021-07-28T00:23:06.492+0000][1.920s] GC(4) Survivor regions: 1->1(1)
[2021-07-28T00:23:06.492+0000][1.920s] GC(4) Old regions: 0->1
[2021-07-28T00:23:06.492+0000][1.920s] GC(4) Humongous regions: 0->0
[2021-07-28T00:23:06.492+0000][1.920s] GC(4) Metaspace: 34893K->34893K(1081344K)
[2021-07-28T00:23:06.492+0000][1.920s] GC(4) Pause Young (Concurrent Start) (Metadata GC Threshold) 83M->25M(1024M) 11.138ms
[2021-07-28T00:23:06.492+0000][1.920s] GC(4) User=0.06s Sys=0.00s Real=0.01s
[2021-07-28T00:23:06.492+0000][1.920s] GC(5) Concurrent Cycle
[2021-07-28T00:23:06.492+0000][1.920s] GC(5) Concurrent Clear Claimed Marks
[2021-07-28T00:23:06.492+0000][1.920s] GC(5) Concurrent Clear Claimed Marks 0.013ms
[2021-07-28T00:23:06.492+0000][1.920s] GC(5) Concurrent Scan Root Regions
[2021-07-28T00:23:06.495+0000][1.923s] GC(5) Concurrent Scan Root Regions 3.511ms
[2021-07-28T00:23:06.495+0000][1.923s] GC(5) Concurrent Mark (1.923s)
[2021-07-28T00:23:06.495+0000][1.924s] GC(5) Concurrent Mark From Roots
[2021-07-28T00:23:06.495+0000][1.924s] GC(5) Using 3 workers of 3 for marking
[2021-07-28T00:23:06.515+0000][1.943s] GC(5) Concurrent Mark From Roots 19.837ms
[2021-07-28T00:23:06.515+0000][1.943s] GC(5) Concurrent Preclean
[2021-07-28T00:23:06.515+0000][1.944s] GC(5) Concurrent Preclean 0.119ms
[2021-07-28T00:23:06.515+0000][1.944s] GC(5) Concurrent Mark (1.923s, 1.944s) 20.015ms
[2021-07-28T00:23:06.515+0000][1.944s] GC(5) Pause Remark
[2021-07-28T00:23:06.518+0000][1.946s] GC(5) Cleaned string and symbol table, strings: 16956 processed, 0 removed, symbols: 109087 processed, 53 removed
[2021-07-28T00:23:06.518+0000][1.946s] GC(5) Pause Remark 30M->30M(1024M) 2.644ms
[2021-07-28T00:23:06.518+0000][1.946s] GC(5) User=0.03s Sys=0.00s Real=0.01s
[2021-07-28T00:23:06.518+0000][1.946s] GC(5) Concurrent Rebuild Remembered Sets
[2021-07-28T00:23:06.531+0000][1.960s] GC(5) Concurrent Rebuild Remembered Sets 13.468ms
[2021-07-28T00:23:06.532+0000][1.960s] GC(5) Pause Cleanup
[2021-07-28T00:23:06.532+0000][1.960s] GC(5) Pause Cleanup 33M->33M(1024M) 0.133ms
[2021-07-28T00:23:06.532+0000][1.960s] GC(5) User=0.00s Sys=0.00s Real=0.00s
[2021-07-28T00:23:06.532+0000][1.960s] GC(5) Concurrent Cleanup for Next Mark
[2021-07-28T00:23:06.534+0000][1.962s] GC(5) Concurrent Cleanup for Next Mark 1.984ms
[2021-07-28T00:23:06.534+0000][1.962s] GC(5) Concurrent Cycle 42.102ms
[2021-07-28T00:23:06.733+0000][2.162s] GC(6) Pause Young (Concurrent Start) (G1 Evacuation Pause)
[2021-07-28T00:23:06.733+0000][2.162s] GC(6) Using 10 workers of 10 for evacuation
[2021-07-28T00:23:06.740+0000][2.168s] GC(6)   Pre Evacuate Collection Set: 0.1ms
[2021-07-28T00:23:06.740+0000][2.168s] GC(6)   Evacuate Collection Set: 6.0ms
[2021-07-28T00:23:06.740+0000][2.168s] GC(6)   Post Evacuate Collection Set: 0.3ms
[2021-07-28T00:23:06.740+0000][2.168s] GC(6)   Other: 0.1ms
[2021-07-28T00:23:06.740+0000][2.168s] GC(6) Eden regions: 2->0(3)
[2021-07-28T00:23:06.740+0000][2.168s] GC(6) Survivor regions: 1->1(1)
[2021-07-28T00:23:06.740+0000][2.168s] GC(6) Old regions: 1->1
[2021-07-28T00:23:06.740+0000][2.168s] GC(6) Humongous regions: 0->0
[2021-07-28T00:23:06.740+0000][2.168s] GC(6) Metaspace: 38375K->38375K(1083392K)
[2021-07-28T00:23:06.740+0000][2.168s] GC(6) Pause Young (Concurrent Start) (G1 Evacuation Pause) 89M->25M(1024M) 6.542ms
[2021-07-28T00:23:06.740+0000][2.168s] GC(6) User=0.03s Sys=0.00s Real=0.01s
[2021-07-28T00:23:06.740+0000][2.168s] GC(7) Concurrent Cycle
[2021-07-28T00:23:06.740+0000][2.168s] GC(7) Concurrent Clear Claimed Marks
[2021-07-28T00:23:06.740+0000][2.168s] GC(7) Concurrent Clear Claimed Marks 0.039ms
[2021-07-28T00:23:06.740+0000][2.168s] GC(7) Concurrent Scan Root Regions
[2021-07-28T00:23:06.744+0000][2.173s] GC(7) Concurrent Scan Root Regions 4.221ms
[2021-07-28T00:23:06.744+0000][2.173s] GC(7) Concurrent Mark (2.173s)
[2021-07-28T00:23:06.744+0000][2.173s] GC(7) Concurrent Mark From Roots
[2021-07-28T00:23:06.744+0000][2.173s] GC(7) Using 3 workers of 3 for marking
[2021-07-28T00:23:06.760+0000][2.188s] GC(7) Concurrent Mark From Roots 15.728ms
[2021-07-28T00:23:06.760+0000][2.188s] GC(7) Concurrent Preclean
[2021-07-28T00:23:06.760+0000][2.189s] GC(7) Concurrent Preclean 0.113ms
[2021-07-28T00:23:06.760+0000][2.189s] GC(7) Concurrent Mark (2.173s, 2.189s) 15.883ms
[2021-07-28T00:23:06.760+0000][2.189s] GC(7) Pause Remark
[2021-07-28T00:23:06.762+0000][2.190s] GC(7) Cleaned string and symbol table, strings: 18564 processed, 21 removed, symbols: 117697 processed, 50 removed
[2021-07-28T00:23:06.762+0000][2.190s] GC(7) Pause Remark 32M->32M(1024M) 1.506ms
[2021-07-28T00:23:06.762+0000][2.190s] GC(7) User=0.01s Sys=0.00s Real=0.00s
[2021-07-28T00:23:06.762+0000][2.190s] GC(7) Concurrent Rebuild Remembered Sets
[2021-07-28T00:23:06.771+0000][2.199s] GC(7) Concurrent Rebuild Remembered Sets 9.175ms
[2021-07-28T00:23:06.771+0000][2.199s] GC(7) Pause Cleanup
[2021-07-28T00:23:06.771+0000][2.200s] GC(7) Pause Cleanup 35M->35M(1024M) 0.071ms
[2021-07-28T00:23:06.771+0000][2.200s] GC(7) User=0.00s Sys=0.00s Real=0.00s
[2021-07-28T00:23:06.771+0000][2.200s] GC(7) Concurrent Cleanup for Next Mark
[2021-07-28T00:23:06.773+0000][2.202s] GC(7) Concurrent Cleanup for Next Mark 1.937ms
[2021-07-28T00:23:06.773+0000][2.202s] GC(7) Concurrent Cycle 33.253ms
[2021-07-28T00:23:06.988+0000][2.416s] GC(8) Pause Young (Normal) (G1 Evacuation Pause)
[2021-07-28T00:23:06.988+0000][2.416s] GC(8) Using 10 workers of 10 for evacuation
[2021-07-28T00:23:06.991+0000][2.420s] GC(8)   Pre Evacuate Collection Set: 0.0ms
[2021-07-28T00:23:06.991+0000][2.420s] GC(8)   Evacuate Collection Set: 3.0ms
[2021-07-28T00:23:06.991+0000][2.420s] GC(8)   Post Evacuate Collection Set: 0.3ms
[2021-07-28T00:23:06.991+0000][2.420s] GC(8)   Other: 0.1ms
[2021-07-28T00:23:06.991+0000][2.420s] GC(8) Eden regions: 3->0(5)
[2021-07-28T00:23:06.991+0000][2.420s] GC(8) Survivor regions: 1->1(1)
[2021-07-28T00:23:06.991+0000][2.420s] GC(8) Old regions: 1->1
[2021-07-28T00:23:06.991+0000][2.420s] GC(8) Humongous regions: 0->0
[2021-07-28T00:23:06.991+0000][2.420s] GC(8) Metaspace: 42198K->42198K(1087488K)
[2021-07-28T00:23:06.991+0000][2.420s] GC(8) Pause Young (Normal) (G1 Evacuation Pause) 121M->26M(1024M) 3.448ms
[2021-07-28T00:23:06.991+0000][2.420s] GC(8) User=0.02s Sys=0.01s Real=0.00s
[2021-07-28T00:53:25.905+0000][1821.333s] GC(9) Pause Young (Normal) (G1 Evacuation Pause)
[2021-07-28T00:53:25.905+0000][1821.333s] GC(9) Using 10 workers of 10 for evacuation
[2021-07-28T00:53:25.915+0000][1821.343s] GC(9)   Pre Evacuate Collection Set: 0.0ms
[2021-07-28T00:53:25.915+0000][1821.343s] GC(9)   Evacuate Collection Set: 9.0ms
[2021-07-28T00:53:25.915+0000][1821.343s] GC(9)   Post Evacuate Collection Set: 0.6ms
[2021-07-28T00:53:25.915+0000][1821.343s] GC(9)   Other: 0.3ms
[2021-07-28T00:53:25.915+0000][1821.343s] GC(9) Eden regions: 5->0(7)
[2021-07-28T00:53:25.915+0000][1821.343s] GC(9) Survivor regions: 1->1(1)
[2021-07-28T00:53:25.915+0000][1821.343s] GC(9) Old regions: 1->1
[2021-07-28T00:53:25.915+0000][1821.343s] GC(9) Humongous regions: 0->0
[2021-07-28T00:53:25.915+0000][1821.343s] GC(9) Metaspace: 52424K->52424K(1095680K)
[2021-07-28T00:53:25.915+0000][1821.343s] GC(9) Pause Young (Normal) (G1 Evacuation Pause) 186M->32M(1024M) 9.968ms
[2021-07-28T00:53:25.915+0000][1821.343s] GC(9) User=0.07s Sys=0.02s Real=0.01s
[2021-07-28T01:25:45.360+0000][3760.788s] GC(10) Pause Young (Normal) (G1 Evacuation Pause)
[2021-07-28T01:25:45.360+0000][3760.788s] GC(10) Using 10 workers of 10 for evacuation
[2021-07-28T01:25:45.370+0000][3760.798s] GC(10)   Pre Evacuate Collection Set: 0.0ms
[2021-07-28T01:25:45.370+0000][3760.798s] GC(10)   Evacuate Collection Set: 8.6ms
[2021-07-28T01:25:45.370+0000][3760.798s] GC(10)   Post Evacuate Collection Set: 1.9ms
[2021-07-28T01:25:45.370+0000][3760.798s] GC(10)   Other: 0.1ms
[2021-07-28T01:25:45.370+0000][3760.798s] GC(10) Eden regions: 7->0(9)
[2021-07-28T01:25:45.370+0000][3760.798s] GC(10) Survivor regions: 1->1(1)
[2021-07-28T01:25:45.370+0000][3760.798s] GC(10) Old regions: 1->1
[2021-07-28T01:25:45.370+0000][3760.798s] GC(10) Humongous regions: 0->0
[2021-07-28T01:25:45.370+0000][3760.798s] GC(10) Metaspace: 56574K->56574K(1099776K)
[2021-07-28T01:25:45.370+0000][3760.799s] GC(10) Pause Young (Normal) (G1 Evacuation Pause) 256M->38M(1024M) 10.652ms
[2021-07-28T01:25:45.370+0000][3760.799s] GC(10) User=0.10s Sys=0.02s Real=0.01s
[2021-07-28T01:25:46.273+0000][3761.701s] GC(11) Pause Young (Normal) (G1 Evacuation Pause)
[2021-07-28T01:25:46.273+0000][3761.701s] GC(11) Using 10 workers of 10 for evacuation
[2021-07-28T01:25:46.280+0000][3761.708s] GC(11)   Pre Evacuate Collection Set: 0.0ms
[2021-07-28T01:25:46.280+0000][3761.708s] GC(11)   Evacuate Collection Set: 5.5ms
[2021-07-28T01:25:46.280+0000][3761.708s] GC(11)   Post Evacuate Collection Set: 1.7ms
[2021-07-28T01:25:46.280+0000][3761.708s] GC(11)   Other: 0.1ms
[2021-07-28T01:25:46.280+0000][3761.708s] GC(11) Eden regions: 9->0(12)
[2021-07-28T01:25:46.280+0000][3761.708s] GC(11) Survivor regions: 1->1(2)
[2021-07-28T01:25:46.280+0000][3761.708s] GC(11) Old regions: 1->1
[2021-07-28T01:25:46.280+0000][3761.708s] GC(11) Humongous regions: 0->0
[2021-07-28T01:25:46.280+0000][3761.708s] GC(11) Metaspace: 57194K->57194K(1101824K)
[2021-07-28T01:25:46.280+0000][3761.708s] GC(11) Pause Young (Normal) (G1 Evacuation Pause) 326M->37M(1024M) 7.425ms
[2021-07-28T01:25:46.280+0000][3761.708s] GC(11) User=0.07s Sys=0.01s Real=0.01s
[2021-07-28T01:25:47.342+0000][3762.770s] GC(12) Pause Young (Normal) (G1 Evacuation Pause)
[2021-07-28T01:25:47.342+0000][3762.770s] GC(12) Using 10 workers of 10 for evacuation
[2021-07-28T01:25:47.349+0000][3762.777s] GC(12)   Pre Evacuate Collection Set: 0.0ms
[2021-07-28T01:25:47.349+0000][3762.777s] GC(12)   Evacuate Collection Set: 5.4ms
[2021-07-28T01:25:47.349+0000][3762.777s] GC(12)   Post Evacuate Collection Set: 1.6ms
[2021-07-28T01:25:47.349+0000][3762.777s] GC(12)   Other: 0.1ms
[2021-07-28T01:25:47.349+0000][3762.777s] GC(12) Eden regions: 12->0(14)
[2021-07-28T01:25:47.349+0000][3762.777s] GC(12) Survivor regions: 1->1(2)
[2021-07-28T01:25:47.349+0000][3762.777s] GC(12) Old regions: 1->1
[2021-07-28T01:25:47.349+0000][3762.777s] GC(12) Humongous regions: 0->0
[2021-07-28T01:25:47.349+0000][3762.777s] GC(12) Metaspace: 57562K->57562K(1101824K)
[2021-07-28T01:25:47.349+0000][3762.777s] GC(12) Pause Young (Normal) (G1 Evacuation Pause) 421M->38M(1024M) 7.086ms
[2021-07-28T01:25:47.349+0000][3762.777s] GC(12) User=0.08s Sys=0.01s Real=0.01s
[2021-07-28T01:25:48.389+0000][3763.817s] GC(13) Pause Young (Normal) (G1 Evacuation Pause)
[2021-07-28T01:25:48.389+0000][3763.817s] GC(13) Using 10 workers of 10 for evacuation
[2021-07-28T01:25:48.395+0000][3763.823s] GC(13)   Pre Evacuate Collection Set: 0.0ms
[2021-07-28T01:25:48.395+0000][3763.823s] GC(13)   Evacuate Collection Set: 5.0ms
[2021-07-28T01:25:48.395+0000][3763.823s] GC(13)   Post Evacuate Collection Set: 0.7ms
[2021-07-28T01:25:48.395+0000][3763.823s] GC(13)   Other: 0.1ms
[2021-07-28T01:25:48.395+0000][3763.823s] GC(13) Eden regions: 14->0(16)
[2021-07-28T01:25:48.395+0000][3763.823s] GC(13) Survivor regions: 1->1(2)
[2021-07-28T01:25:48.395+0000][3763.823s] GC(13) Old regions: 1->1
[2021-07-28T01:25:48.395+0000][3763.823s] GC(13) Humongous regions: 0->0
[2021-07-28T01:25:48.395+0000][3763.823s] GC(13) Metaspace: 57781K->57781K(1101824K)
[2021-07-28T01:25:48.395+0000][3763.823s] GC(13) Pause Young (Normal) (G1 Evacuation Pause) 486M->37M(1024M) 5.820ms
[2021-07-28T01:25:48.395+0000][3763.823s] GC(13) User=0.06s Sys=0.01s Real=0.00s
[2021-07-28T01:25:55.727+0000][3771.155s] GC(14) Pause Young (Normal) (G1 Evacuation Pause)
[2021-07-28T01:25:55.727+0000][3771.155s] GC(14) Using 10 workers of 10 for evacuation
[2021-07-28T01:25:55.734+0000][3771.163s] GC(14)   Pre Evacuate Collection Set: 0.0ms
[2021-07-28T01:25:55.734+0000][3771.163s] GC(14)   Evacuate Collection Set: 5.7ms
[2021-07-28T01:25:55.734+0000][3771.163s] GC(14)   Post Evacuate Collection Set: 1.7ms
[2021-07-28T01:25:55.734+0000][3771.163s] GC(14)   Other: 0.1ms
[2021-07-28T01:25:55.734+0000][3771.163s] GC(14) Eden regions: 16->0(17)
[2021-07-28T01:25:55.734+0000][3771.163s] GC(14) Survivor regions: 1->1(3)
[2021-07-28T01:25:55.734+0000][3771.163s] GC(14) Old regions: 1->1
[2021-07-28T01:25:55.734+0000][3771.163s] GC(14) Humongous regions: 0->0
[2021-07-28T01:25:55.734+0000][3771.163s] GC(14) Metaspace: 58162K->58162K(1101824K)
[2021-07-28T01:25:55.734+0000][3771.163s] GC(14) Pause Young (Normal) (G1 Evacuation Pause) 549M->37M(1024M) 7.617ms
[2021-07-28T01:25:55.734+0000][3771.163s] GC(14) User=0.07s Sys=0.00s Real=0.00s
[2021-07-28T01:25:57.026+0000][3772.455s] GC(15) Pause Young (Normal) (G1 Evacuation Pause)
[2021-07-28T01:25:57.026+0000][3772.455s] GC(15) Using 10 workers of 10 for evacuation
[2021-07-28T01:25:57.034+0000][3772.462s] GC(15)   Pre Evacuate Collection Set: 0.0ms
[2021-07-28T01:25:57.034+0000][3772.462s] GC(15)   Evacuate Collection Set: 6.6ms
[2021-07-28T01:25:57.034+0000][3772.462s] GC(15)   Post Evacuate Collection Set: 1.1ms
[2021-07-28T01:25:57.034+0000][3772.462s] GC(15)   Other: 0.1ms
[2021-07-28T01:25:57.034+0000][3772.462s] GC(15) Eden regions: 17->0(18)
[2021-07-28T01:25:57.034+0000][3772.462s] GC(15) Survivor regions: 1->1(3)
[2021-07-28T01:25:57.034+0000][3772.462s] GC(15) Old regions: 1->1
[2021-07-28T01:25:57.034+0000][3772.462s] GC(15) Humongous regions: 0->0
[2021-07-28T01:25:57.034+0000][3772.462s] GC(15) Metaspace: 58303K->58303K(1101824K)
[2021-07-28T01:25:57.034+0000][3772.462s] GC(15) Pause Young (Normal) (G1 Evacuation Pause) 581M->38M(1024M) 7.794ms
[2021-07-28T01:25:57.034+0000][3772.462s] GC(15) User=0.08s Sys=0.00s Real=0.00s
[2021-07-28T01:26:03.893+0000][3779.322s] GC(16) Pause Young (Normal) (G1 Evacuation Pause)
[2021-07-28T01:26:03.893+0000][3779.322s] GC(16) Using 10 workers of 10 for evacuation
[2021-07-28T01:26:03.900+0000][3779.328s] GC(16)   Pre Evacuate Collection Set: 0.0ms
[2021-07-28T01:26:03.900+0000][3779.328s] GC(16)   Evacuate Collection Set: 5.7ms
[2021-07-28T01:26:03.900+0000][3779.328s] GC(16)   Post Evacuate Collection Set: 0.7ms
[2021-07-28T01:26:03.900+0000][3779.328s] GC(16)   Other: 0.1ms
[2021-07-28T01:26:03.900+0000][3779.328s] GC(16) Eden regions: 18->0(18)
[2021-07-28T01:26:03.900+0000][3779.328s] GC(16) Survivor regions: 1->1(3)
[2021-07-28T01:26:03.900+0000][3779.328s] GC(16) Old regions: 1->1
[2021-07-28T01:26:03.900+0000][3779.328s] GC(16) Humongous regions: 0->0
[2021-07-28T01:26:03.900+0000][3779.328s] GC(16) Metaspace: 58467K->58467K(1101824K)
[2021-07-28T01:26:03.900+0000][3779.328s] GC(16) Pause Young (Normal) (G1 Evacuation Pause) 614M->37M(1024M) 6.508ms
[2021-07-28T01:26:03.900+0000][3779.328s] GC(16) User=0.03s Sys=0.02s Real=0.01s
[2021-07-28T01:26:05.171+0000][3780.600s] GC(17) Pause Young (Normal) (G1 Evacuation Pause)
[2021-07-28T01:26:05.171+0000][3780.600s] GC(17) Using 10 workers of 10 for evacuation
[2021-07-28T01:26:05.181+0000][3780.610s] GC(17)   Pre Evacuate Collection Set: 0.0ms
[2021-07-28T01:26:05.181+0000][3780.610s] GC(17)   Evacuate Collection Set: 8.9ms
[2021-07-28T01:26:05.181+0000][3780.610s] GC(17)   Post Evacuate Collection Set: 1.1ms
[2021-07-28T01:26:05.181+0000][3780.610s] GC(17)   Other: 0.1ms
[2021-07-28T01:26:05.181+0000][3780.610s] GC(17) Eden regions: 18->0(18)
[2021-07-28T01:26:05.181+0000][3780.610s] GC(17) Survivor regions: 1->1(3)
[2021-07-28T01:26:05.181+0000][3780.610s] GC(17) Old regions: 1->1
[2021-07-28T01:26:05.181+0000][3780.610s] GC(17) Humongous regions: 0->0
[2021-07-28T01:26:05.181+0000][3780.610s] GC(17) Metaspace: 58807K->58807K(1101824K)
[2021-07-28T01:26:05.181+0000][3780.610s] GC(17) Pause Young (Normal) (G1 Evacuation Pause) 613M->39M(1024M) 10.184ms
[2021-07-28T01:26:05.181+0000][3780.610s] GC(17) User=0.12s Sys=0.00s Real=0.01s
[2021-07-28T01:26:13.632+0000][3789.061s] GC(18) Pause Young (Normal) (G1 Evacuation Pause)
[2021-07-28T01:26:13.632+0000][3789.061s] GC(18) Using 10 workers of 10 for evacuation
[2021-07-28T01:26:13.640+0000][3789.069s] GC(18)   Pre Evacuate Collection Set: 0.0ms
[2021-07-28T01:26:13.640+0000][3789.069s] GC(18)   Evacuate Collection Set: 7.5ms
[2021-07-28T01:26:13.640+0000][3789.069s] GC(18)   Post Evacuate Collection Set: 0.7ms
[2021-07-28T01:26:13.640+0000][3789.069s] GC(18)   Other: 0.1ms
[2021-07-28T01:26:13.640+0000][3789.069s] GC(18) Eden regions: 18->0(18)
[2021-07-28T01:26:13.640+0000][3789.069s] GC(18) Survivor regions: 1->1(3)
[2021-07-28T01:26:13.640+0000][3789.069s] GC(18) Old regions: 1->1
[2021-07-28T01:26:13.640+0000][3789.069s] GC(18) Humongous regions: 0->0
[2021-07-28T01:26:13.640+0000][3789.069s] GC(18) Metaspace: 58821K->58821K(1101824K)
[2021-07-28T01:26:13.641+0000][3789.069s] GC(18) Pause Young (Normal) (G1 Evacuation Pause) 615M->39M(1024M) 8.312ms
[2021-07-28T01:26:13.641+0000][3789.069s] GC(18) User=0.09s Sys=0.00s Real=0.01s
[2021-07-28T01:26:14.793+0000][3790.222s] GC(19) Pause Young (Normal) (G1 Evacuation Pause)
[2021-07-28T01:26:14.793+0000][3790.222s] GC(19) Using 10 workers of 10 for evacuation
[2021-07-28T01:26:14.801+0000][3790.229s] GC(19)   Pre Evacuate Collection Set: 0.0ms
[2021-07-28T01:26:14.801+0000][3790.229s] GC(19)   Evacuate Collection Set: 7.0ms
[2021-07-28T01:26:14.801+0000][3790.229s] GC(19)   Post Evacuate Collection Set: 0.7ms
[2021-07-28T01:26:14.801+0000][3790.229s] GC(19)   Other: 0.1ms
[2021-07-28T01:26:14.801+0000][3790.230s] GC(19) Eden regions: 18->0(18)
[2021-07-28T01:26:14.801+0000][3790.230s] GC(19) Survivor regions: 1->1(3)
[2021-07-28T01:26:14.801+0000][3790.230s] GC(19) Old regions: 1->1
[2021-07-28T01:26:14.801+0000][3790.230s] GC(19) Humongous regions: 0->0
[2021-07-28T01:26:14.801+0000][3790.230s] GC(19) Metaspace: 58944K->58944K(1101824K)
[2021-07-28T01:26:14.801+0000][3790.230s] GC(19) Pause Young (Normal) (G1 Evacuation Pause) 615M->41M(1024M) 7.879ms
[2021-07-28T01:26:14.801+0000][3790.230s] GC(19) User=0.08s Sys=0.00s Real=0.01s
[2021-07-28T01:26:15.983+0000][3791.412s] GC(20) Pause Young (Normal) (G1 Evacuation Pause)
[2021-07-28T01:26:15.983+0000][3791.412s] GC(20) Using 10 workers of 10 for evacuation
[2021-07-28T01:26:15.992+0000][3791.420s] GC(20)   Pre Evacuate Collection Set: 0.0ms
[2021-07-28T01:26:15.992+0000][3791.420s] GC(20)   Evacuate Collection Set: 8.1ms
[2021-07-28T01:26:15.992+0000][3791.420s] GC(20)   Post Evacuate Collection Set: 0.5ms
[2021-07-28T01:26:15.992+0000][3791.420s] GC(20)   Other: 0.1ms
[2021-07-28T01:26:15.992+0000][3791.420s] GC(20) Eden regions: 18->0(18)
[2021-07-28T01:26:15.992+0000][3791.421s] GC(20) Survivor regions: 1->1(3)
[2021-07-28T01:26:15.992+0000][3791.421s] GC(20) Old regions: 1->1
[2021-07-28T01:26:15.992+0000][3791.421s] GC(20) Humongous regions: 0->0
[2021-07-28T01:26:15.992+0000][3791.421s] GC(20) Metaspace: 59158K->59158K(1103872K)
[2021-07-28T01:26:15.992+0000][3791.421s] GC(20) Pause Young (Normal) (G1 Evacuation Pause) 617M->39M(1024M) 8.716ms
[2021-07-28T01:26:15.992+0000][3791.421s] GC(20) User=0.09s Sys=0.00s Real=0.01s
[2021-07-28T01:26:24.053+0000][3799.482s] GC(21) Pause Young (Normal) (G1 Evacuation Pause)
[2021-07-28T01:26:24.053+0000][3799.482s] GC(21) Using 10 workers of 10 for evacuation
[2021-07-28T01:26:24.061+0000][3799.489s] GC(21)   Pre Evacuate Collection Set: 0.0ms
[2021-07-28T01:26:24.061+0000][3799.489s] GC(21)   Evacuate Collection Set: 6.9ms
[2021-07-28T01:26:24.061+0000][3799.489s] GC(21)   Post Evacuate Collection Set: 0.6ms
[2021-07-28T01:26:24.061+0000][3799.489s] GC(21)   Other: 0.1ms
[2021-07-28T01:26:24.061+0000][3799.489s] GC(21) Eden regions: 18->0(18)
[2021-07-28T01:26:24.061+0000][3799.489s] GC(21) Survivor regions: 1->1(3)
[2021-07-28T01:26:24.061+0000][3799.489s] GC(21) Old regions: 1->1
[2021-07-28T01:26:24.061+0000][3799.489s] GC(21) Humongous regions: 0->0
[2021-07-28T01:26:24.061+0000][3799.489s] GC(21) Metaspace: 59165K->59165K(1103872K)
[2021-07-28T01:26:24.061+0000][3799.489s] GC(21) Pause Young (Normal) (G1 Evacuation Pause) 615M->39M(1024M) 7.585ms
[2021-07-28T01:26:24.061+0000][3799.489s] GC(21) User=0.07s Sys=0.00s Real=0.01s
[2021-07-28T01:26:25.109+0000][3800.537s] GC(22) Pause Young (Normal) (G1 Evacuation Pause)
[2021-07-28T01:26:25.109+0000][3800.537s] GC(22) Using 10 workers of 10 for evacuation
[2021-07-28T01:26:25.116+0000][3800.544s] GC(22)   Pre Evacuate Collection Set: 0.0ms
[2021-07-28T01:26:25.116+0000][3800.544s] GC(22)   Evacuate Collection Set: 6.5ms
[2021-07-28T01:26:25.116+0000][3800.544s] GC(22)   Post Evacuate Collection Set: 0.5ms
[2021-07-28T01:26:25.116+0000][3800.544s] GC(22)   Other: 0.1ms
[2021-07-28T01:26:25.116+0000][3800.544s] GC(22) Eden regions: 18->0(18)
[2021-07-28T01:26:25.116+0000][3800.544s] GC(22) Survivor regions: 1->1(3)
[2021-07-28T01:26:25.116+0000][3800.544s] GC(22) Old regions: 1->1
[2021-07-28T01:26:25.116+0000][3800.544s] GC(22) Humongous regions: 0->0
[2021-07-28T01:26:25.116+0000][3800.544s] GC(22) Metaspace: 59220K->59220K(1103872K)
[2021-07-28T01:26:25.116+0000][3800.544s] GC(22) Pause Young (Normal) (G1 Evacuation Pause) 615M->39M(1024M) 7.103ms
[2021-07-28T01:26:25.116+0000][3800.544s] GC(22) User=0.07s Sys=0.00s Real=0.00s
[2021-07-28T01:26:26.199+0000][3801.628s] GC(23) Pause Young (Normal) (G1 Evacuation Pause)
[2021-07-28T01:26:26.199+0000][3801.628s] GC(23) Using 10 workers of 10 for evacuation
[2021-07-28T01:26:26.206+0000][3801.635s] GC(23)   Pre Evacuate Collection Set: 0.0ms
[2021-07-28T01:26:26.206+0000][3801.635s] GC(23)   Evacuate Collection Set: 6.4ms
[2021-07-28T01:26:26.206+0000][3801.635s] GC(23)   Post Evacuate Collection Set: 0.6ms
[2021-07-28T01:26:26.206+0000][3801.635s] GC(23)   Other: 0.1ms
[2021-07-28T01:26:26.206+0000][3801.635s] GC(23) Eden regions: 18->0(18)
[2021-07-28T01:26:26.206+0000][3801.635s] GC(23) Survivor regions: 1->1(3)
[2021-07-28T01:26:26.206+0000][3801.635s] GC(23) Old regions: 1->1
[2021-07-28T01:26:26.206+0000][3801.635s] GC(23) Humongous regions: 0->0
[2021-07-28T01:26:26.206+0000][3801.635s] GC(23) Metaspace: 59344K->59344K(1103872K)
[2021-07-28T01:26:26.206+0000][3801.635s] GC(23) Pause Young (Normal) (G1 Evacuation Pause) 615M->42M(1024M) 7.178ms
[2021-07-28T01:26:26.206+0000][3801.635s] GC(23) User=0.06s Sys=0.01s Real=0.01s
[2021-07-28T01:26:33.795+0000][3809.223s] GC(24) Pause Young (Normal) (G1 Evacuation Pause)
[2021-07-28T01:26:33.795+0000][3809.223s] GC(24) Using 10 workers of 10 for evacuation
[2021-07-28T01:26:33.800+0000][3809.229s] GC(24)   Pre Evacuate Collection Set: 0.0ms
[2021-07-28T01:26:33.800+0000][3809.229s] GC(24)   Evacuate Collection Set: 5.2ms
[2021-07-28T01:26:33.800+0000][3809.229s] GC(24)   Post Evacuate Collection Set: 0.5ms
[2021-07-28T01:26:33.801+0000][3809.229s] GC(24)   Other: 0.1ms
[2021-07-28T01:26:33.801+0000][3809.229s] GC(24) Eden regions: 18->0(18)
[2021-07-28T01:26:33.801+0000][3809.229s] GC(24) Survivor regions: 1->1(3)
[2021-07-28T01:26:33.801+0000][3809.229s] GC(24) Old regions: 1->1
[2021-07-28T01:26:33.801+0000][3809.229s] GC(24) Humongous regions: 0->0
[2021-07-28T01:26:33.801+0000][3809.229s] GC(24) Metaspace: 59647K->59647K(1103872K)
[2021-07-28T01:26:33.801+0000][3809.229s] GC(24) Pause Young (Normal) (G1 Evacuation Pause) 618M->42M(1024M) 5.888ms
[2021-07-28T01:26:33.801+0000][3809.229s] GC(24) User=0.05s Sys=0.00s Real=0.01s
[2021-07-28T01:26:34.780+0000][3810.209s] GC(25) Pause Young (Normal) (G1 Evacuation Pause)
[2021-07-28T01:26:34.780+0000][3810.209s] GC(25) Using 10 workers of 10 for evacuation
[2021-07-28T01:26:34.785+0000][3810.213s] GC(25)   Pre Evacuate Collection Set: 0.0ms
[2021-07-28T01:26:34.785+0000][3810.213s] GC(25)   Evacuate Collection Set: 4.4ms
[2021-07-28T01:26:34.785+0000][3810.214s] GC(25)   Post Evacuate Collection Set: 0.4ms
[2021-07-28T01:26:34.785+0000][3810.214s] GC(25)   Other: 0.1ms
[2021-07-28T01:26:34.785+0000][3810.214s] GC(25) Eden regions: 18->0(18)
[2021-07-28T01:26:34.785+0000][3810.214s] GC(25) Survivor regions: 1->1(3)
[2021-07-28T01:26:34.785+0000][3810.214s] GC(25) Old regions: 1->2
[2021-07-28T01:26:34.785+0000][3810.214s] GC(25) Humongous regions: 0->0
[2021-07-28T01:26:34.785+0000][3810.214s] GC(25) Metaspace: 59663K->59663K(1103872K)
[2021-07-28T01:26:34.785+0000][3810.214s] GC(25) Pause Young (Normal) (G1 Evacuation Pause) 618M->42M(1024M) 4.915ms
[2021-07-28T01:26:34.785+0000][3810.214s] GC(25) User=0.04s Sys=0.00s Real=0.00s
[2021-07-28T01:26:35.777+0000][3811.205s] GC(26) Pause Young (Normal) (G1 Evacuation Pause)
[2021-07-28T01:26:35.777+0000][3811.205s] GC(26) Using 10 workers of 10 for evacuation
[2021-07-28T01:26:35.780+0000][3811.208s] GC(26)   Pre Evacuate Collection Set: 0.0ms
[2021-07-28T01:26:35.780+0000][3811.208s] GC(26)   Evacuate Collection Set: 2.7ms
[2021-07-28T01:26:35.780+0000][3811.208s] GC(26)   Post Evacuate Collection Set: 0.5ms
[2021-07-28T01:26:35.780+0000][3811.208s] GC(26)   Other: 0.1ms
[2021-07-28T01:26:35.780+0000][3811.208s] GC(26) Eden regions: 18->0(18)
[2021-07-28T01:26:35.780+0000][3811.208s] GC(26) Survivor regions: 1->1(3)
[2021-07-28T01:26:35.780+0000][3811.208s] GC(26) Old regions: 2->2
[2021-07-28T01:26:35.780+0000][3811.208s] GC(26) Humongous regions: 0->0
[2021-07-28T01:26:35.780+0000][3811.208s] GC(26) Metaspace: 59665K->59665K(1103872K)
[2021-07-28T01:26:35.780+0000][3811.208s] GC(26) Pause Young (Normal) (G1 Evacuation Pause) 618M->44M(1024M) 3.278ms
[2021-07-28T01:26:35.780+0000][3811.208s] GC(26) User=0.03s Sys=0.00s Real=0.00s
[2021-07-28T01:29:27.175+0000][3982.604s] GC(27) Pause Young (Normal) (G1 Evacuation Pause)
[2021-07-28T01:29:27.175+0000][3982.604s] GC(27) Using 10 workers of 10 for evacuation
[2021-07-28T01:29:27.180+0000][3982.608s] GC(27)   Pre Evacuate Collection Set: 0.0ms
[2021-07-28T01:29:27.180+0000][3982.608s] GC(27)   Evacuate Collection Set: 3.6ms
[2021-07-28T01:29:27.180+0000][3982.608s] GC(27)   Post Evacuate Collection Set: 0.5ms
[2021-07-28T01:29:27.180+0000][3982.608s] GC(27)   Other: 0.2ms
[2021-07-28T01:29:27.180+0000][3982.608s] GC(27) Eden regions: 18->0(18)
[2021-07-28T01:29:27.180+0000][3982.608s] GC(27) Survivor regions: 1->1(3)
[2021-07-28T01:29:27.180+0000][3982.608s] GC(27) Old regions: 2->2
[2021-07-28T01:29:27.180+0000][3982.608s] GC(27) Humongous regions: 0->0
[2021-07-28T01:29:27.180+0000][3982.608s] GC(27) Metaspace: 59919K->59919K(1103872K)
[2021-07-28T01:29:27.180+0000][3982.608s] GC(27) Pause Young (Normal) (G1 Evacuation Pause) 620M->45M(1024M) 4.370ms
[2021-07-28T01:29:27.180+0000][3982.608s] GC(27) User=0.05s Sys=0.00s Real=0.01s
[2021-07-28T01:33:04.300+0000][4199.729s] GC(28) Pause Young (Normal) (G1 Evacuation Pause)
[2021-07-28T01:33:04.300+0000][4199.729s] GC(28) Using 10 workers of 10 for evacuation
[2021-07-28T01:33:04.303+0000][4199.732s] GC(28)   Pre Evacuate Collection Set: 0.0ms
[2021-07-28T01:33:04.303+0000][4199.732s] GC(28)   Evacuate Collection Set: 2.6ms
[2021-07-28T01:33:04.303+0000][4199.732s] GC(28)   Post Evacuate Collection Set: 0.4ms
[2021-07-28T01:33:04.303+0000][4199.732s] GC(28)   Other: 0.1ms
[2021-07-28T01:33:04.303+0000][4199.732s] GC(28) Eden regions: 18->0(18)
[2021-07-28T01:33:04.303+0000][4199.732s] GC(28) Survivor regions: 1->1(3)
[2021-07-28T01:33:04.303+0000][4199.732s] GC(28) Old regions: 2->2
[2021-07-28T01:33:04.303+0000][4199.732s] GC(28) Humongous regions: 0->0
[2021-07-28T01:33:04.303+0000][4199.732s] GC(28) Metaspace: 59945K->59945K(1103872K)
[2021-07-28T01:33:04.303+0000][4199.732s] GC(28) Pause Young (Normal) (G1 Evacuation Pause) 621M->44M(1024M) 3.071ms
[2021-07-28T01:33:04.303+0000][4199.732s] GC(28) User=0.03s Sys=0.00s Real=0.00s
[2021-07-28T01:38:55.069+0000][4550.497s] GC(29) Pause Young (Normal) (G1 Evacuation Pause)
[2021-07-28T01:38:55.069+0000][4550.497s] GC(29) Using 10 workers of 10 for evacuation
[2021-07-28T01:38:55.073+0000][4550.501s] GC(29)   Pre Evacuate Collection Set: 0.0ms
[2021-07-28T01:38:55.073+0000][4550.501s] GC(29)   Evacuate Collection Set: 3.5ms
[2021-07-28T01:38:55.073+0000][4550.501s] GC(29)   Post Evacuate Collection Set: 0.3ms
[2021-07-28T01:38:55.073+0000][4550.501s] GC(29)   Other: 0.1ms
[2021-07-28T01:38:55.073+0000][4550.501s] GC(29) Eden regions: 18->0(18)
[2021-07-28T01:38:55.073+0000][4550.501s] GC(29) Survivor regions: 1->1(3)
[2021-07-28T01:38:55.073+0000][4550.501s] GC(29) Old regions: 2->2
[2021-07-28T01:38:55.073+0000][4550.501s] GC(29) Humongous regions: 0->0
[2021-07-28T01:38:55.073+0000][4550.501s] GC(29) Metaspace: 60128K->60128K(1103872K)
[2021-07-28T01:38:55.073+0000][4550.501s] GC(29) Pause Young (Normal) (G1 Evacuation Pause) 620M->43M(1024M) 3.997ms
[2021-07-28T01:38:55.073+0000][4550.501s] GC(29) User=0.03s Sys=0.00s Real=0.00s
[2021-07-28T01:42:25.792+0000][4761.220s] GC(30) Pause Young (Normal) (G1 Evacuation Pause)
[2021-07-28T01:42:25.792+0000][4761.220s] GC(30) Using 10 workers of 10 for evacuation
[2021-07-28T01:42:25.795+0000][4761.224s] GC(30)   Pre Evacuate Collection Set: 0.0ms
[2021-07-28T01:42:25.795+0000][4761.224s] GC(30)   Evacuate Collection Set: 2.9ms
[2021-07-28T01:42:25.795+0000][4761.224s] GC(30)   Post Evacuate Collection Set: 0.3ms
[2021-07-28T01:42:25.795+0000][4761.224s] GC(30)   Other: 0.1ms
[2021-07-28T01:42:25.795+0000][4761.224s] GC(30) Eden regions: 18->0(18)
[2021-07-28T01:42:25.795+0000][4761.224s] GC(30) Survivor regions: 1->1(3)
[2021-07-28T01:42:25.795+0000][4761.224s] GC(30) Old regions: 2->2
[2021-07-28T01:42:25.795+0000][4761.224s] GC(30) Humongous regions: 0->0
[2021-07-28T01:42:25.795+0000][4761.224s] GC(30) Metaspace: 60274K->60274K(1103872K)
[2021-07-28T01:42:25.795+0000][4761.224s] GC(30) Pause Young (Normal) (G1 Evacuation Pause) 619M->46M(1024M) 3.433ms
[2021-07-28T01:42:25.795+0000][4761.224s] GC(30) User=0.03s Sys=0.00s Real=0.00s
[2021-07-28T01:50:24.348+0000][5239.777s] GC(31) Pause Young (Normal) (G1 Evacuation Pause)
[2021-07-28T01:50:24.348+0000][5239.777s] GC(31) Using 10 workers of 10 for evacuation
[2021-07-28T01:50:24.353+0000][5239.781s] GC(31)   Pre Evacuate Collection Set: 0.0ms
[2021-07-28T01:50:24.353+0000][5239.781s] GC(31)   Evacuate Collection Set: 3.9ms
[2021-07-28T01:50:24.353+0000][5239.781s] GC(31)   Post Evacuate Collection Set: 0.3ms
[2021-07-28T01:50:24.353+0000][5239.781s] GC(31)   Other: 0.1ms
[2021-07-28T01:50:24.353+0000][5239.781s] GC(31) Eden regions: 18->0(18)
[2021-07-28T01:50:24.353+0000][5239.781s] GC(31) Survivor regions: 1->1(3)
[2021-07-28T01:50:24.353+0000][5239.781s] GC(31) Old regions: 2->2
[2021-07-28T01:50:24.353+0000][5239.781s] GC(31) Humongous regions: 0->0
[2021-07-28T01:50:24.353+0000][5239.781s] GC(31) Metaspace: 60564K->60564K(1103872K)
[2021-07-28T01:50:24.353+0000][5239.781s] GC(31) Pause Young (Normal) (G1 Evacuation Pause) 622M->45M(1024M) 4.408ms
[2021-07-28T01:50:24.353+0000][5239.781s] GC(31) User=0.04s Sys=0.00s Real=0.00s
[2021-07-28T01:53:05.360+0000][5400.788s] GC(32) Pause Young (Normal) (G1 Evacuation Pause)
[2021-07-28T01:53:05.360+0000][5400.788s] GC(32) Using 10 workers of 10 for evacuation
[2021-07-28T01:53:05.364+0000][5400.792s] GC(32)   Pre Evacuate Collection Set: 0.0ms
[2021-07-28T01:53:05.364+0000][5400.792s] GC(32)   Evacuate Collection Set: 3.5ms
[2021-07-28T01:53:05.364+0000][5400.792s] GC(32)   Post Evacuate Collection Set: 0.4ms
[2021-07-28T01:53:05.364+0000][5400.792s] GC(32)   Other: 0.1ms
[2021-07-28T01:53:05.364+0000][5400.792s] GC(32) Eden regions: 18->0(18)
[2021-07-28T01:53:05.364+0000][5400.792s] GC(32) Survivor regions: 1->1(3)
[2021-07-28T01:53:05.364+0000][5400.792s] GC(32) Old regions: 2->2
[2021-07-28T01:53:05.364+0000][5400.792s] GC(32) Humongous regions: 0->0
[2021-07-28T01:53:05.364+0000][5400.792s] GC(32) Metaspace: 60609K->60609K(1103872K)
[2021-07-28T01:53:05.364+0000][5400.792s] GC(32) Pause Young (Normal) (G1 Evacuation Pause) 621M->46M(1024M) 4.070ms
[2021-07-28T01:53:05.364+0000][5400.792s] GC(32) User=0.04s Sys=0.00s Real=0.00s
[2021-07-28T02:00:23.817+0000][5839.246s] GC(33) Pause Young (Normal) (G1 Evacuation Pause)
[2021-07-28T02:00:23.817+0000][5839.246s] GC(33) Using 10 workers of 10 for evacuation
[2021-07-28T02:00:23.820+0000][5839.249s] GC(33)   Pre Evacuate Collection Set: 0.0ms
[2021-07-28T02:00:23.820+0000][5839.249s] GC(33)   Evacuate Collection Set: 2.5ms
[2021-07-28T02:00:23.820+0000][5839.249s] GC(33)   Post Evacuate Collection Set: 0.5ms
[2021-07-28T02:00:23.820+0000][5839.249s] GC(33)   Other: 0.1ms
[2021-07-28T02:00:23.820+0000][5839.249s] GC(33) Eden regions: 18->0(18)
[2021-07-28T02:00:23.820+0000][5839.249s] GC(33) Survivor regions: 1->1(3)
[2021-07-28T02:00:23.820+0000][5839.249s] GC(33) Old regions: 2->2
[2021-07-28T02:00:23.820+0000][5839.249s] GC(33) Humongous regions: 0->0
[2021-07-28T02:00:23.820+0000][5839.249s] GC(33) Metaspace: 60698K->60698K(1103872K)
[2021-07-28T02:00:23.820+0000][5839.249s] GC(33) Pause Young (Normal) (G1 Evacuation Pause) 622M->45M(1024M) 3.075ms
[2021-07-28T02:00:23.820+0000][5839.249s] GC(33) User=0.03s Sys=0.00s Real=0.00s
